[0m21:17:40.682296 [debug] [MainThread]: Sending event: {'category': 'dbt', 'action': 'invocation', 'label': 'start', 'context': [<snowplow_tracker.self_describing_json.SelfDescribingJson object at 0x000001FD9B9B9A30>, <snowplow_tracker.self_describing_json.SelfDescribingJson object at 0x000001FD995EF3E0>, <snowplow_tracker.self_describing_json.SelfDescribingJson object at 0x000001FD9B348440>]}


============================== 21:17:40.686898 | 46ad5ca9-c6c5-4ba2-9931-e57b90b75c9b ==============================
[0m21:17:40.686898 [info ] [MainThread]: Running with dbt=1.11.8
[0m21:17:40.687905 [debug] [MainThread]: running dbt with arguments {'static_parser': 'True', 'no_print': 'None', 'version_check': 'True', 'warn_error_options': 'WarnErrorOptionsV2(error=[], warn=[], silence=[])', 'target_path': 'None', 'printer_width': '80', 'write_json': 'True', 'introspect': 'True', 'log_cache_events': 'False', 'empty': 'None', 'cache_selected_only': 'False', 'log_format': 'default', 'debug': 'False', 'fail_fast': 'False', 'partial_parse': 'True', 'send_anonymous_usage_stats': 'True', 'quiet': 'False', 'warn_error': 'None', 'profiles_dir': 'C:\\Users\\Nicol\\.dbt', 'invocation_command': 'dbt init olist_transform', 'use_colors': 'True', 'indirect_selection': 'eager', 'use_experimental_parser': 'False', 'log_path': 'logs'}
[0m21:17:40.697243 [debug] [MainThread]: Starter project path: C:\Users\Nicol\Desktop\Learning\data_engineering_2026\final_project\dbt_env\Lib\site-packages\dbt\include\starter_project
[0m21:17:40.706911 [info ] [MainThread]: 
Your new dbt project "olist_transform" was created!

For more information on how to configure the profiles.yml file,
please consult the dbt documentation here:

  https://docs.getdbt.com/docs/configure-your-profile

One more thing:

Need help? Don't hesitate to reach out to us via GitHub issues or on Slack:

  https://community.getdbt.com/

Happy modeling!

[0m21:17:40.706911 [info ] [MainThread]: Setting up your profile.
[0m21:21:57.269459 [info ] [MainThread]: Profile olist_transform written to C:\Users\Nicol\.dbt\profiles.yml using target's profile_template.yml and your supplied values. Run 'dbt debug' to validate the connection.
[0m21:21:57.271439 [debug] [MainThread]: Command `dbt init` succeeded at 21:21:57.271439 after 256.68 seconds
[0m21:21:57.271439 [debug] [MainThread]: Sending event: {'category': 'dbt', 'action': 'invocation', 'label': 'end', 'context': [<snowplow_tracker.self_describing_json.SelfDescribingJson object at 0x000001FDBED76180>, <snowplow_tracker.self_describing_json.SelfDescribingJson object at 0x000001FDBECE8680>, <snowplow_tracker.self_describing_json.SelfDescribingJson object at 0x000001FDBE03EE10>]}
[0m21:21:57.272439 [debug] [MainThread]: Flushing usage events
[0m21:21:58.661425 [debug] [MainThread]: An error was encountered while trying to flush usage events
{"data":{"log_version":3,"version":"=2.0.0-preview.173"},"info":{"category":"","code":"A001","extra":{},"invocation_id":"019dde94-63d9-79b1-8a37-8156744c3ce5","level":"info","msg":"Running with dbt-fusion=2.0.0-preview.173","name":"MainReportVersion","pid":25732,"thread":"tokio-rt-worker","ts":"2026-04-30T13:29:20.092569Z"}}
{"data":{"args":{"debug":"false","invocation_command":"C:\\Users\\Nicol\\.local\\bin\\dbt.exe license info --json --log-format json","log_format":"json","quiet":"false","write_json":"true"}},"info":{"category":"","code":"A002","extra":{},"invocation_id":"019dde94-63d9-79b1-8a37-8156744c3ce5","level":"debug","msg":"running dbt-fusion with argumets {\"command\":\"license\",\"vars\":\"{}\",\"limit\":\"10\",\"debug\":false,\"log_format\":\"json\",\"quiet\":false,\"write_json\":true,\"write_catalog\":false}","name":"MainReportArgs","pid":25732,"thread":"tokio-rt-worker","ts":"2026-04-30T13:29:20.092598Z"}}
{"data":{},"info":{"category":"","code":"","extra":{},"invocation_id":"019dde94-63d9-79b1-8a37-8156744c3ce5","level":"info","msg":"License loaded from file C:\\Users\\Nicol\\.dbt\\license.70471823554986 is invalid (License expired), skipping","name":"Generic","pid":25732,"thread":"tokio-rt-worker","ts":"2026-04-30T13:29:20.099500Z"}}
{"data":{},"info":{"category":"","code":"","extra":{},"invocation_id":"019dde94-63d9-79b1-8a37-8156744c3ce5","level":"debug","msg":"Requesting license from https://kd904.us1.dbt.com/api/private/accounts/70471823554986/feature-licenses/ with 1 key IDs: [\"fusion-prod-2025-11-20\"]","name":"Generic","pid":25732,"thread":"tokio-rt-worker","ts":"2026-04-30T13:29:20.103972Z"}}
{"data":{},"info":{"category":"","code":"","extra":{},"invocation_id":"019dde94-63d9-79b1-8a37-8156744c3ce5","level":"debug","msg":"License successfully retrieved from remote","name":"Generic","pid":25732,"thread":"tokio-rt-worker","ts":"2026-04-30T13:29:21.060456Z"}}
{"data":{},"info":{"category":"","code":"","extra":{},"invocation_id":"019dde94-63d9-79b1-8a37-8156744c3ce5","level":"info","msg":"License loaded from remote server kd904.us1.dbt.com","name":"Generic","pid":25732,"thread":"tokio-rt-worker","ts":"2026-04-30T13:29:21.060727Z"}}
{"data":{},"info":{"category":"","code":"","extra":{},"invocation_id":"019dde94-63d9-79b1-8a37-8156744c3ce5","level":"debug","msg":"License cached to file for account 70471823554986","name":"Generic","pid":25732,"thread":"tokio-rt-worker","ts":"2026-04-30T13:29:21.061166Z"}}
{"data":{"columns":[],"is_inline":true,"node_name":"license_info","output_format":"json","preview":"{\n  \"status\": \"valid\",\n  \"licensing_enabled\": true,\n  \"features\": []\n}","unique_id":"license.info"},"info":{"category":"","code":"Q041","extra":{},"invocation_id":"019dde94-63d9-79b1-8a37-8156744c3ce5","level":"info","msg":"{\n  \"status\": \"valid\",\n  \"licensing_enabled\": true,\n  \"features\": []\n}","name":"ShowNode","pid":25732,"thread":"tokio-rt-worker","ts":"2026-04-30T13:29:21.061222Z"}}
{"data":{"completed_at":"2026-04-30T13:29:21.244782Z","elapsed":1.1524125337600708,"success":true},"info":{"category":"","code":"Q039","extra":{},"invocation_id":"019dde94-63d9-79b1-8a37-8156744c3ce5","level":"info","msg":"\n==================== Execution Summary =====================\nFinished 'license' successfully [1.2s]","name":"CommandCompleted","pid":25732,"thread":"tokio-rt-worker","ts":"2026-04-30T13:29:21.244923Z"}}
